2025-07-18 22:33:19,502 INFO: 🏗️ DMFPGA Architecture Implementation
2025-07-18 22:33:19,502 INFO: Following the complete workflow diagram:
2025-07-18 22:33:19,502 INFO: 1. Data preparation → SMILES processing
2025-07-18 22:33:19,502 INFO: 2. Feature processing → Molecular fingerprints + Graph attention
2025-07-18 22:33:19,502 INFO: 3. Feature splicing → Feature fusion
2025-07-18 22:33:19,502 INFO: 4. FCNN classifier → Final prediction
2025-07-18 22:33:19,502 INFO: 
=== FOLD 1/5 ===
2025-07-18 22:33:19,503 INFO: === Data Preparation Stage ===
2025-07-18 22:33:19,599 INFO: Loaded 1888 compounds
2025-07-18 22:33:19,599 INFO: Feature dimension: 1190
2025-07-18 22:33:19,599 INFO: === Feature Processing Stage ===
2025-07-18 22:33:19,613 INFO: === DMFPGA Model Architecture ===
2025-07-18 22:33:19,704 INFO: Model architecture:
2025-07-18 22:33:19,704 INFO: - Fingerprint dim: 1190
2025-07-18 22:33:19,704 INFO: - Graph attention heads: 4
2025-07-18 22:33:19,704 INFO: - Hidden dimension: 128
2025-07-18 22:33:19,704 INFO: - Device: cuda
2025-07-18 22:33:20,350 INFO: === Training Phase ===
2025-07-18 22:33:20,813 INFO: Epoch 1/30 - Loss: 0.6935 - Time: 0.46s
2025-07-18 22:33:21,106 INFO: Epoch 2/30 - Loss: 0.6713 - Time: 0.21s
2025-07-18 22:33:21,404 INFO: Epoch 3/30 - Loss: 0.6263 - Time: 0.21s
2025-07-18 22:33:21,699 INFO: Epoch 4/30 - Loss: 0.5762 - Time: 0.20s
2025-07-18 22:33:21,993 INFO: Epoch 5/30 - Loss: 0.5319 - Time: 0.20s
2025-07-18 22:33:22,287 INFO: Epoch 6/30 - Loss: 0.4757 - Time: 0.21s
2025-07-18 22:33:22,574 INFO: Epoch 7/30 - Loss: 0.4403 - Time: 0.20s
2025-07-18 22:33:22,867 INFO: Epoch 8/30 - Loss: 0.4018 - Time: 0.20s
2025-07-18 22:33:23,157 INFO: Epoch 9/30 - Loss: 0.3708 - Time: 0.20s
2025-07-18 22:33:23,460 INFO: Epoch 10/30 - Loss: 0.3451 - Time: 0.21s
2025-07-18 22:33:23,762 INFO: Epoch 11/30 - Loss: 0.3215 - Time: 0.21s
2025-07-18 22:33:24,067 INFO: Epoch 12/30 - Loss: 0.2941 - Time: 0.21s
2025-07-18 22:33:24,366 INFO: Epoch 13/30 - Loss: 0.2809 - Time: 0.21s
2025-07-18 22:33:24,661 INFO: Epoch 14/30 - Loss: 0.2684 - Time: 0.21s
2025-07-18 22:33:24,957 INFO: Epoch 15/30 - Loss: 0.2729 - Time: 0.21s
2025-07-18 22:33:25,262 INFO: Epoch 16/30 - Loss: 0.2629 - Time: 0.22s
2025-07-18 22:33:25,565 INFO: Epoch 17/30 - Loss: 0.2445 - Time: 0.21s
2025-07-18 22:33:25,864 INFO: Epoch 18/30 - Loss: 0.2407 - Time: 0.21s
2025-07-18 22:33:26,165 INFO: Epoch 19/30 - Loss: 0.2359 - Time: 0.21s
2025-07-18 22:33:26,472 INFO: Epoch 20/30 - Loss: 0.2350 - Time: 0.22s
2025-07-18 22:33:26,774 INFO: Epoch 21/30 - Loss: 0.2280 - Time: 0.21s
2025-07-18 22:33:27,076 INFO: Epoch 22/30 - Loss: 0.2255 - Time: 0.21s
2025-07-18 22:33:27,376 INFO: Epoch 23/30 - Loss: 0.2053 - Time: 0.21s
2025-07-18 22:33:27,671 INFO: Epoch 24/30 - Loss: 0.2020 - Time: 0.21s
2025-07-18 22:33:27,957 INFO: Epoch 25/30 - Loss: 0.2156 - Time: 0.20s
2025-07-18 22:33:28,250 INFO: Epoch 26/30 - Loss: 0.2091 - Time: 0.20s
2025-07-18 22:33:28,544 INFO: Epoch 27/30 - Loss: 0.2067 - Time: 0.20s
2025-07-18 22:33:28,840 INFO: Epoch 28/30 - Loss: 0.2004 - Time: 0.20s
2025-07-18 22:33:29,137 INFO: Epoch 29/30 - Loss: 0.1958 - Time: 0.21s
2025-07-18 22:33:29,433 INFO: Epoch 30/30 - Loss: 0.2281 - Time: 0.21s
2025-07-18 22:33:29,523 INFO: === Evaluation Phase ===
2025-07-18 22:33:29,613 INFO: === Final Results ===
2025-07-18 22:33:29,613 INFO: Accuracy: 0.8951
2025-07-18 22:33:29,613 INFO: Precision: 0.9344
2025-07-18 22:33:29,613 INFO: Recall: 0.8693
2025-07-18 22:33:29,613 INFO: Specificity: 0.9263
2025-07-18 22:33:29,613 INFO: AUC: 0.9775
2025-07-18 22:33:29,613 INFO: Total training time: 10.11s
2025-07-18 22:33:29,614 INFO: 
=== FOLD 2/5 ===
2025-07-18 22:33:29,614 INFO: === Data Preparation Stage ===
2025-07-18 22:33:29,710 INFO: Loaded 1888 compounds
2025-07-18 22:33:29,710 INFO: Feature dimension: 1190
2025-07-18 22:33:29,710 INFO: === Feature Processing Stage ===
2025-07-18 22:33:29,726 INFO: === DMFPGA Model Architecture ===
2025-07-18 22:33:29,729 INFO: Model architecture:
2025-07-18 22:33:29,729 INFO: - Fingerprint dim: 1190
2025-07-18 22:33:29,729 INFO: - Graph attention heads: 4
2025-07-18 22:33:29,729 INFO: - Hidden dimension: 128
2025-07-18 22:33:29,729 INFO: - Device: cuda
2025-07-18 22:33:29,729 INFO: === Training Phase ===
2025-07-18 22:33:29,941 INFO: Epoch 1/30 - Loss: 0.6930 - Time: 0.21s
2025-07-18 22:33:30,233 INFO: Epoch 2/30 - Loss: 0.6706 - Time: 0.20s
2025-07-18 22:33:30,540 INFO: Epoch 3/30 - Loss: 0.6301 - Time: 0.21s
2025-07-18 22:33:30,839 INFO: Epoch 4/30 - Loss: 0.5771 - Time: 0.21s
2025-07-18 22:33:31,135 INFO: Epoch 5/30 - Loss: 0.5415 - Time: 0.21s
2025-07-18 22:33:31,440 INFO: Epoch 6/30 - Loss: 0.4721 - Time: 0.21s
2025-07-18 22:33:31,736 INFO: Epoch 7/30 - Loss: 0.4282 - Time: 0.21s
2025-07-18 22:33:32,043 INFO: Epoch 8/30 - Loss: 0.4092 - Time: 0.22s
2025-07-18 22:33:32,350 INFO: Epoch 9/30 - Loss: 0.3791 - Time: 0.22s
2025-07-18 22:33:32,644 INFO: Epoch 10/30 - Loss: 0.3487 - Time: 0.21s
2025-07-18 22:33:32,945 INFO: Epoch 11/30 - Loss: 0.3179 - Time: 0.21s
2025-07-18 22:33:33,247 INFO: Epoch 12/30 - Loss: 0.3076 - Time: 0.21s
2025-07-18 22:33:33,552 INFO: Epoch 13/30 - Loss: 0.2910 - Time: 0.22s
2025-07-18 22:33:33,853 INFO: Epoch 14/30 - Loss: 0.2866 - Time: 0.21s
2025-07-18 22:33:34,153 INFO: Epoch 15/30 - Loss: 0.2824 - Time: 0.21s
2025-07-18 22:33:34,459 INFO: Epoch 16/30 - Loss: 0.2608 - Time: 0.21s
2025-07-18 22:33:34,759 INFO: Epoch 17/30 - Loss: 0.2588 - Time: 0.21s
2025-07-18 22:33:35,055 INFO: Epoch 18/30 - Loss: 0.2479 - Time: 0.21s
2025-07-18 22:33:35,354 INFO: Epoch 19/30 - Loss: 0.2344 - Time: 0.21s
2025-07-18 22:33:35,643 INFO: Epoch 20/30 - Loss: 0.2358 - Time: 0.20s
2025-07-18 22:33:35,931 INFO: Epoch 21/30 - Loss: 0.2408 - Time: 0.20s
2025-07-18 22:33:36,226 INFO: Epoch 22/30 - Loss: 0.2327 - Time: 0.21s
2025-07-18 22:33:36,529 INFO: Epoch 23/30 - Loss: 0.2231 - Time: 0.21s
2025-07-18 22:33:36,842 INFO: Epoch 24/30 - Loss: 0.2178 - Time: 0.22s
2025-07-18 22:33:37,150 INFO: Epoch 25/30 - Loss: 0.2293 - Time: 0.22s
2025-07-18 22:33:37,443 INFO: Epoch 26/30 - Loss: 0.2198 - Time: 0.20s
2025-07-18 22:33:37,741 INFO: Epoch 27/30 - Loss: 0.2121 - Time: 0.21s
2025-07-18 22:33:38,040 INFO: Epoch 28/30 - Loss: 0.2121 - Time: 0.21s
2025-07-18 22:33:38,343 INFO: Epoch 29/30 - Loss: 0.2070 - Time: 0.22s
2025-07-18 22:33:38,643 INFO: Epoch 30/30 - Loss: 0.2023 - Time: 0.21s
2025-07-18 22:33:38,752 INFO: === Evaluation Phase ===
2025-07-18 22:33:38,843 INFO: === Final Results ===
2025-07-18 22:33:38,844 INFO: Accuracy: 0.8999
2025-07-18 22:33:38,844 INFO: Precision: 0.9137
2025-07-18 22:33:38,844 INFO: Recall: 0.9022
2025-07-18 22:33:38,844 INFO: Specificity: 0.8971
2025-07-18 22:33:38,844 INFO: AUC: 0.9783
2025-07-18 22:33:38,844 INFO: Total training time: 9.23s
2025-07-18 22:33:38,844 INFO: 
=== FOLD 3/5 ===
2025-07-18 22:33:38,844 INFO: === Data Preparation Stage ===
2025-07-18 22:33:38,923 INFO: Loaded 1888 compounds
2025-07-18 22:33:38,923 INFO: Feature dimension: 1190
2025-07-18 22:33:38,923 INFO: === Feature Processing Stage ===
2025-07-18 22:33:38,938 INFO: === DMFPGA Model Architecture ===
2025-07-18 22:33:38,941 INFO: Model architecture:
2025-07-18 22:33:38,941 INFO: - Fingerprint dim: 1190
2025-07-18 22:33:38,941 INFO: - Graph attention heads: 4
2025-07-18 22:33:38,941 INFO: - Hidden dimension: 128
2025-07-18 22:33:38,941 INFO: - Device: cuda
2025-07-18 22:33:38,941 INFO: === Training Phase ===
2025-07-18 22:33:39,162 INFO: Epoch 1/30 - Loss: 0.6902 - Time: 0.22s
2025-07-18 22:33:39,472 INFO: Epoch 2/30 - Loss: 0.6785 - Time: 0.22s
2025-07-18 22:33:39,774 INFO: Epoch 3/30 - Loss: 0.6466 - Time: 0.21s
2025-07-18 22:33:40,076 INFO: Epoch 4/30 - Loss: 0.6057 - Time: 0.21s
2025-07-18 22:33:40,378 INFO: Epoch 5/30 - Loss: 0.5423 - Time: 0.21s
2025-07-18 22:33:40,678 INFO: Epoch 6/30 - Loss: 0.4835 - Time: 0.21s
2025-07-18 22:33:40,985 INFO: Epoch 7/30 - Loss: 0.4482 - Time: 0.21s
2025-07-18 22:33:41,298 INFO: Epoch 8/30 - Loss: 0.4226 - Time: 0.23s
2025-07-18 22:33:41,604 INFO: Epoch 9/30 - Loss: 0.3842 - Time: 0.21s
2025-07-18 22:33:41,904 INFO: Epoch 10/30 - Loss: 0.3526 - Time: 0.21s
2025-07-18 22:33:42,203 INFO: Epoch 11/30 - Loss: 0.3380 - Time: 0.21s
2025-07-18 22:33:42,508 INFO: Epoch 12/30 - Loss: 0.3178 - Time: 0.21s
2025-07-18 22:33:42,810 INFO: Epoch 13/30 - Loss: 0.2995 - Time: 0.21s
2025-07-18 22:33:43,114 INFO: Epoch 14/30 - Loss: 0.2956 - Time: 0.22s
2025-07-18 22:33:43,422 INFO: Epoch 15/30 - Loss: 0.2836 - Time: 0.22s
2025-07-18 22:33:43,729 INFO: Epoch 16/30 - Loss: 0.2745 - Time: 0.22s
2025-07-18 22:33:44,038 INFO: Epoch 17/30 - Loss: 0.2748 - Time: 0.22s
2025-07-18 22:33:44,351 INFO: Epoch 18/30 - Loss: 0.2543 - Time: 0.22s
2025-07-18 22:33:44,660 INFO: Epoch 19/30 - Loss: 0.2487 - Time: 0.22s
2025-07-18 22:33:44,970 INFO: Epoch 20/30 - Loss: 0.2437 - Time: 0.22s
2025-07-18 22:33:45,286 INFO: Epoch 21/30 - Loss: 0.2237 - Time: 0.23s
2025-07-18 22:33:45,615 INFO: Epoch 22/30 - Loss: 0.2243 - Time: 0.23s
2025-07-18 22:33:45,920 INFO: Epoch 23/30 - Loss: 0.2124 - Time: 0.21s
2025-07-18 22:33:46,282 INFO: Epoch 24/30 - Loss: 0.2257 - Time: 0.27s
2025-07-18 22:33:46,603 INFO: Epoch 25/30 - Loss: 0.2164 - Time: 0.23s
2025-07-18 22:33:46,921 INFO: Epoch 26/30 - Loss: 0.2265 - Time: 0.22s
2025-07-18 22:33:47,225 INFO: Epoch 27/30 - Loss: 0.2105 - Time: 0.21s
2025-07-18 22:33:47,531 INFO: Epoch 28/30 - Loss: 0.1976 - Time: 0.21s
2025-07-18 22:33:47,837 INFO: Epoch 29/30 - Loss: 0.1962 - Time: 0.22s
2025-07-18 22:33:48,142 INFO: Epoch 30/30 - Loss: 0.2059 - Time: 0.21s
2025-07-18 22:33:48,236 INFO: === Evaluation Phase ===
2025-07-18 22:33:48,335 INFO: === Final Results ===
2025-07-18 22:33:48,335 INFO: Accuracy: 0.8957
2025-07-18 22:33:48,335 INFO: Precision: 0.8554
2025-07-18 22:33:48,335 INFO: Recall: 0.9739
2025-07-18 22:33:48,335 INFO: Specificity: 0.8012
2025-07-18 22:33:48,335 INFO: AUC: 0.9780
2025-07-18 22:33:48,335 INFO: Total training time: 9.49s
2025-07-18 22:33:48,336 INFO: 
=== FOLD 4/5 ===
2025-07-18 22:33:48,336 INFO: === Data Preparation Stage ===
2025-07-18 22:33:48,422 INFO: Loaded 1888 compounds
2025-07-18 22:33:48,422 INFO: Feature dimension: 1190
2025-07-18 22:33:48,422 INFO: === Feature Processing Stage ===
2025-07-18 22:33:48,435 INFO: === DMFPGA Model Architecture ===
2025-07-18 22:33:48,438 INFO: Model architecture:
2025-07-18 22:33:48,438 INFO: - Fingerprint dim: 1190
2025-07-18 22:33:48,438 INFO: - Graph attention heads: 4
2025-07-18 22:33:48,438 INFO: - Hidden dimension: 128
2025-07-18 22:33:48,439 INFO: - Device: cuda
2025-07-18 22:33:48,439 INFO: === Training Phase ===
2025-07-18 22:33:48,655 INFO: Epoch 1/30 - Loss: 0.6964 - Time: 0.22s
2025-07-18 22:33:48,971 INFO: Epoch 2/30 - Loss: 0.6711 - Time: 0.22s
2025-07-18 22:33:49,284 INFO: Epoch 3/30 - Loss: 0.6391 - Time: 0.22s
2025-07-18 22:33:49,584 INFO: Epoch 4/30 - Loss: 0.5849 - Time: 0.21s
2025-07-18 22:33:49,894 INFO: Epoch 5/30 - Loss: 0.5421 - Time: 0.22s
2025-07-18 22:33:50,194 INFO: Epoch 6/30 - Loss: 0.4831 - Time: 0.21s
2025-07-18 22:33:50,498 INFO: Epoch 7/30 - Loss: 0.4338 - Time: 0.21s
2025-07-18 22:33:50,813 INFO: Epoch 8/30 - Loss: 0.3913 - Time: 0.22s
2025-07-18 22:33:51,117 INFO: Epoch 9/30 - Loss: 0.3758 - Time: 0.21s
2025-07-18 22:33:51,422 INFO: Epoch 10/30 - Loss: 0.3411 - Time: 0.22s
2025-07-18 22:33:51,725 INFO: Epoch 11/30 - Loss: 0.3222 - Time: 0.21s
2025-07-18 22:33:52,030 INFO: Epoch 12/30 - Loss: 0.3034 - Time: 0.21s
2025-07-18 22:33:52,341 INFO: Epoch 13/30 - Loss: 0.2861 - Time: 0.22s
2025-07-18 22:33:52,650 INFO: Epoch 14/30 - Loss: 0.2762 - Time: 0.22s
2025-07-18 22:33:52,963 INFO: Epoch 15/30 - Loss: 0.2761 - Time: 0.22s
2025-07-18 22:33:53,274 INFO: Epoch 16/30 - Loss: 0.2610 - Time: 0.22s
2025-07-18 22:33:53,585 INFO: Epoch 17/30 - Loss: 0.2538 - Time: 0.22s
2025-07-18 22:33:53,892 INFO: Epoch 18/30 - Loss: 0.2378 - Time: 0.22s
2025-07-18 22:33:54,204 INFO: Epoch 19/30 - Loss: 0.2448 - Time: 0.22s
2025-07-18 22:33:54,519 INFO: Epoch 20/30 - Loss: 0.2267 - Time: 0.22s
2025-07-18 22:33:54,828 INFO: Epoch 21/30 - Loss: 0.2598 - Time: 0.22s
2025-07-18 22:33:55,140 INFO: Epoch 22/30 - Loss: 0.2235 - Time: 0.22s
2025-07-18 22:33:55,451 INFO: Epoch 23/30 - Loss: 0.2185 - Time: 0.22s
2025-07-18 22:33:55,761 INFO: Epoch 24/30 - Loss: 0.2008 - Time: 0.22s
2025-07-18 22:33:56,074 INFO: Epoch 25/30 - Loss: 0.2096 - Time: 0.22s
2025-07-18 22:33:56,390 INFO: Epoch 26/30 - Loss: 0.2046 - Time: 0.22s
2025-07-18 22:33:56,701 INFO: Epoch 27/30 - Loss: 0.2027 - Time: 0.22s
2025-07-18 22:33:57,013 INFO: Epoch 28/30 - Loss: 0.1916 - Time: 0.22s
2025-07-18 22:33:57,323 INFO: Epoch 29/30 - Loss: 0.1989 - Time: 0.22s
2025-07-18 22:33:57,639 INFO: Epoch 30/30 - Loss: 0.1911 - Time: 0.22s
2025-07-18 22:33:57,729 INFO: === Evaluation Phase ===
2025-07-18 22:33:57,824 INFO: === Final Results ===
2025-07-18 22:33:57,824 INFO: Accuracy: 0.9010
2025-07-18 22:33:57,824 INFO: Precision: 0.8790
2025-07-18 22:33:57,824 INFO: Recall: 0.9497
2025-07-18 22:33:57,824 INFO: Specificity: 0.8421
2025-07-18 22:33:57,824 INFO: AUC: 0.9789
2025-07-18 22:33:57,824 INFO: Total training time: 9.49s
2025-07-18 22:33:57,825 INFO: 
=== FOLD 5/5 ===
2025-07-18 22:33:57,826 INFO: === Data Preparation Stage ===
2025-07-18 22:33:57,920 INFO: Loaded 1888 compounds
2025-07-18 22:33:57,920 INFO: Feature dimension: 1190
2025-07-18 22:33:57,920 INFO: === Feature Processing Stage ===
2025-07-18 22:33:57,932 INFO: === DMFPGA Model Architecture ===
2025-07-18 22:33:57,936 INFO: Model architecture:
2025-07-18 22:33:57,936 INFO: - Fingerprint dim: 1190
2025-07-18 22:33:57,936 INFO: - Graph attention heads: 4
2025-07-18 22:33:57,936 INFO: - Hidden dimension: 128
2025-07-18 22:33:57,936 INFO: - Device: cuda
2025-07-18 22:33:57,936 INFO: === Training Phase ===
2025-07-18 22:33:58,155 INFO: Epoch 1/30 - Loss: 0.6914 - Time: 0.22s
2025-07-18 22:33:58,474 INFO: Epoch 2/30 - Loss: 0.6696 - Time: 0.23s
2025-07-18 22:33:58,784 INFO: Epoch 3/30 - Loss: 0.6317 - Time: 0.22s
2025-07-18 22:33:59,099 INFO: Epoch 4/30 - Loss: 0.5780 - Time: 0.22s
2025-07-18 22:33:59,415 INFO: Epoch 5/30 - Loss: 0.5187 - Time: 0.22s
2025-07-18 22:33:59,722 INFO: Epoch 6/30 - Loss: 0.4652 - Time: 0.21s
2025-07-18 22:34:00,032 INFO: Epoch 7/30 - Loss: 0.4058 - Time: 0.22s
2025-07-18 22:34:00,344 INFO: Epoch 8/30 - Loss: 0.3920 - Time: 0.22s
2025-07-18 22:34:00,656 INFO: Epoch 9/30 - Loss: 0.3655 - Time: 0.22s
2025-07-18 22:34:00,965 INFO: Epoch 10/30 - Loss: 0.3325 - Time: 0.21s
2025-07-18 22:34:01,282 INFO: Epoch 11/30 - Loss: 0.3186 - Time: 0.20s
2025-07-18 22:34:01,597 INFO: Epoch 12/30 - Loss: 0.3043 - Time: 0.22s
2025-07-18 22:34:01,905 INFO: Epoch 13/30 - Loss: 0.3083 - Time: 0.21s
2025-07-18 22:34:02,200 INFO: Epoch 14/30 - Loss: 0.2966 - Time: 0.20s
2025-07-18 22:34:02,498 INFO: Epoch 15/30 - Loss: 0.2782 - Time: 0.20s
2025-07-18 22:34:02,808 INFO: Epoch 16/30 - Loss: 0.2526 - Time: 0.22s
2025-07-18 22:34:03,116 INFO: Epoch 17/30 - Loss: 0.2611 - Time: 0.22s
2025-07-18 22:34:03,416 INFO: Epoch 18/30 - Loss: 0.2540 - Time: 0.21s
2025-07-18 22:34:03,717 INFO: Epoch 19/30 - Loss: 0.2658 - Time: 0.21s
2025-07-18 22:34:04,037 INFO: Epoch 20/30 - Loss: 0.2371 - Time: 0.23s
2025-07-18 22:34:04,349 INFO: Epoch 21/30 - Loss: 0.2381 - Time: 0.22s
2025-07-18 22:34:04,653 INFO: Epoch 22/30 - Loss: 0.2222 - Time: 0.21s
2025-07-18 22:34:04,959 INFO: Epoch 23/30 - Loss: 0.2201 - Time: 0.21s
2025-07-18 22:34:05,268 INFO: Epoch 24/30 - Loss: 0.2159 - Time: 0.22s
2025-07-18 22:34:05,572 INFO: Epoch 25/30 - Loss: 0.2009 - Time: 0.21s
2025-07-18 22:34:05,874 INFO: Epoch 26/30 - Loss: 0.2258 - Time: 0.21s
2025-07-18 22:34:06,172 INFO: Epoch 27/30 - Loss: 0.2230 - Time: 0.21s
2025-07-18 22:34:06,484 INFO: Epoch 28/30 - Loss: 0.2072 - Time: 0.22s
2025-07-18 22:34:06,801 INFO: Epoch 29/30 - Loss: 0.2134 - Time: 0.22s
2025-07-18 22:34:07,111 INFO: Epoch 30/30 - Loss: 0.2111 - Time: 0.22s
2025-07-18 22:34:07,204 INFO: === Evaluation Phase ===
2025-07-18 22:34:07,308 INFO: === Final Results ===
2025-07-18 22:34:07,309 INFO: Accuracy: 0.8872
2025-07-18 22:34:07,309 INFO: Precision: 0.8635
2025-07-18 22:34:07,309 INFO: Recall: 0.9429
2025-07-18 22:34:07,309 INFO: Specificity: 0.8199
2025-07-18 22:34:07,309 INFO: AUC: 0.9707
2025-07-18 22:34:07,309 INFO: Total training time: 9.48s
2025-07-18 22:34:07,311 INFO: 
🎯 FINAL DMFPGA RESULTS
2025-07-18 22:34:07,311 INFO: ==================================================
2025-07-18 22:34:07,311 INFO: Accuracy:    0.8958 ± 0.0049
2025-07-18 22:34:07,311 INFO: Precision:   0.8892 ± 0.0302
2025-07-18 22:34:07,311 INFO: Recall:      0.9276 ± 0.0372
2025-07-18 22:34:07,311 INFO: Specificity: 0.8573 ± 0.0472
2025-07-18 22:34:07,311 INFO: AUC:         0.9767 ± 0.0030
2025-07-18 22:34:07,311 INFO: ==================================================
